make[1]: Entering directory '/vol/uboot-build'
  GEN     ./Makefile
arch/../configs/rk3128_defconfig:111:warning: override: reassigning to symbol CMD_SETEXPR
arch/../configs/rk3128_defconfig:112:warning: override: reassigning to symbol CMD_ITEST
arch/../configs/rk3128_defconfig:113:warning: override: reassigning to symbol OF_SPL_REMOVE_PROPS
#
# configuration written to .config
#
make[1]: Leaving directory '/vol/uboot-build'
make[1]: Entering directory '/vol/uboot-build'
  GEN     ./Makefile
scripts/kconfig/conf  --silentoldconfig Kconfig
  CHK     include/config.h
  CFG     u-boot.cfg
  GEN     include/autoconf.mk.dep
  GEN     include/autoconf.mk
  CHK     include/config/uboot.release
  CHK     include/generated/timestamp_autogenerated.h
  GEN     ./Makefile
  UPD     include/generated/timestamp_autogenerated.h
  HOSTCC  scripts/dtc/dtc.o
  HOSTCC  scripts/dtc/flattree.o
  HOSTCC  scripts/dtc/fstree.o
  HOSTCC  scripts/dtc/data.o
  HOSTCC  scripts/dtc/livetree.o
  HOSTCC  scripts/dtc/treesource.o
  UPD     include/config/uboot.release
  HOSTCC  scripts/dtc/srcpos.o
  Using /vol/uboot-src as source for U-Boot
  CHK     include/generated/version_autogenerated.h
  HOSTCC  scripts/dtc/checks.o
  UPD     include/generated/version_autogenerated.h
  CC      lib/asm-offsets.s
  CC      arch/arm/lib/asm-offsets.s
  HOSTCC  scripts/dtc/util.o
  SHIPPED scripts/dtc/dtc-lexer.lex.c
  SHIPPED scripts/dtc/dtc-parser.tab.h
  SHIPPED scripts/dtc/dtc-parser.tab.c
  HOSTCC  scripts/dtc/dtc-lexer.lex.o
  CHK     include/generated/generic-asm-offsets.h
  UPD     include/generated/generic-asm-offsets.h
  HOSTCC  scripts/dtc/dtc-parser.tab.o
  CHK     include/config.h
  CHK     include/generated/asm-offsets.h
  UPD     include/generated/asm-offsets.h
  CFG     u-boot.cfg
  LDS     u-boot.lds
  HOSTLD  scripts/dtc/dtc
  HOSTCC  tools/gen_eth_addr
  HOSTCC  tools/gen_ethaddr_crc.o
  WRAP    tools/lib/crc8.c
  HOSTCC  tools/mkenvimage.o
  HOSTCC  tools/os_support.o
  WRAP    tools/lib/crc32.c
  HOSTCC  tools/aisimage.o
  HOSTCC  tools/atmelimage.o
  WRAP    tools/common/bootm.c
  HOSTCC  tools/default_image.o
  WRAP    tools/lib/fdtdec_common.c
  WRAP    tools/lib/fdtdec.c
  HOSTCC  tools/fit_common.o
  HOSTCC  tools/fit_image.o
In file included from /vol/uboot-src/tools/default_image.c:20:
In function 'image_set_name',
    inlined from 'image_set_header' at /vol/uboot-src/tools/default_image.c:120:2:
  WRAP    tools/common/image-fit.c
/vol/uboot-src/include/image.h:823:9: warning: 'strncpy' specified bound 32 equals destination size [-Wstringop-truncation]
  823 |         strncpy(image_get_name(hdr), name, IH_NMLEN);
      |         ^~~~~~~~~~~~~~~~~~~~~~~~~~~~~~~~~~~~~~~~~~~~
  HOSTCC  tools/image-host.o
  WRAP    tools/common/image.c
  HOSTCC  tools/imagetool.o
  HOSTCC  tools/imximage.o
  HOSTCC  tools/kwbimage.o
  WRAP    tools/lib/md5.c
  HOSTCC  tools/lpc32xximage.o
  HOSTCC  tools/mxsimage.o
  HOSTCC  tools/omapimage.o
  HOSTCC  tools/pblimage.o
  HOSTCC  tools/pbl_crc32.o
  HOSTCC  tools/vybridimage.o
  WRAP    tools/lib/rc4.c
  HOSTCC  tools/rkcommon.o
  HOSTCC  tools/rkimage.o
  HOSTCC  tools/rknand.o
  HOSTCC  tools/rksd.o
  HOSTCC  tools/rkspi.o
  HOSTCC  tools/socfpgaimage.o
  WRAP    tools/lib/sha1.c
  WRAP    tools/lib/sha256.c
  WRAP    tools/common/hash.c
  HOSTCC  tools/ublimage.o
  HOSTCC  tools/zynqimage.o
  HOSTCC  tools/zynqmpimage.o
  HOSTCC  tools/libfdt/fdt.o
  HOSTCC  tools/libfdt/fdt_wip.o
  HOSTCC  tools/libfdt/fdt_sw.o
  HOSTCC  tools/libfdt/fdt_rw.o
  HOSTCC  tools/libfdt/fdt_strerror.o
  HOSTCC  tools/libfdt/fdt_empty_tree.o
  HOSTCC  tools/libfdt/fdt_addresses.o
  HOSTCC  tools/libfdt/fdt_overlay.o
  WRAP    tools/lib/libfdt/fdt_region.c
  WRAP    tools/lib/libfdt/fdt_ro.c
  HOSTCC  tools/gpimage.o
  HOSTCC  tools/gpimage-common.o
  HOSTCC  tools/dumpimage.o
  HOSTCC  tools/mkimage.o
  HOSTCC  tools/rockchip/resource_tool.o
  HOSTCC  tools/rockchip/bmp2gray16.o
  HOSTCC  tools/proftool
  HOSTCC  tools/fdtgrep.o
/vol/uboot-src/tools/rockchip/bmp2gray16.c: In function 'usage':
/vol/uboot-src/tools/rockchip/bmp2gray16.c:121:25: warning: '%s' directive argument is not a nul-terminated string [-Wformat-overflow=]
  121 |         printf("Version %s (zwp@rock-chips.com)\n", version);
      |                         ^~                          ~~~~~~~
/vol/uboot-src/tools/rockchip/bmp2gray16.c:109:19: note: referenced argument declared here
  109 | static const char version[4] = "1.00";
      |                   ^~~~~~~
  HOSTCC  tools/lib/crc8.o
  HOSTCC  tools/lib/crc32.o
  HOSTCC  tools/common/bootm.o
  HOSTCC  tools/lib/fdtdec_common.o
  HOSTCC  tools/lib/fdtdec.o
  HOSTCC  tools/common/image-fit.o
  HOSTCC  tools/common/image.o
  HOSTCC  tools/lib/md5.o
  HOSTCC  tools/lib/rc4.o
  HOSTCC  tools/lib/sha1.o
  HOSTCC  tools/lib/sha256.o
  HOSTCC  tools/common/hash.o
  HOSTCC  tools/lib/libfdt/fdt_ro.o
  HOSTCC  tools/lib/libfdt/fdt_region.o
  HOSTLD  tools/bmp2gray16
  HOSTLD  tools/gen_ethaddr_crc
  HOSTLD  tools/mkenvimage
  HOSTLD  tools/fdtgrep
  HOSTLD  tools/resource_tool
  HOSTLD  tools/dumpimage
  HOSTLD  tools/mkimage
  LD      arch/arm/cpu/built-in.o
  CC      arch/arm/cpu/armv7/cache_v7.o
  CC      board/rockchip/evb_rk3128/evb-rk3128.o
  AS      arch/arm/lib/vectors.o
  CC      disk/part.o
  CC      arch/arm/mach-rockchip/fit_misc.o
  AS      arch/arm/lib/crt0.o
  AS      arch/arm/lib/setjmp.o
  AS      arch/arm/lib/relocate.o
  CC      cmd/boot.o
  CC      common/init/board_init.o
  CC      arch/arm/lib/bootm-fdt.o
  AS      arch/arm/cpu/armv7/cache_v7_asm.o
  CC      arch/arm/mach-rockchip/chip_info.o
  CC      arch/arm/cpu/armv7/cpu.o
  CC      drivers/adc/adc-uclass.o
  CC      cmd/bootm.o
  LD      common/init/built-in.o
  CC      common/main.o
  CC      arch/arm/lib/bootm.o
  LD      board/rockchip/evb_rk3128/built-in.o
  AS      arch/arm/mach-rockchip/lowlevel_init.o
  CC      drivers/adc/rockchip-saradc.o
  CC      arch/arm/mach-rockchip/boot_mode.o
  CC      disk/part_dos.o
  CC      arch/arm/cpu/armv7/cp15.o
  CC      common/exports.o
  CC      cmd/help.o
  CC      arch/arm/mach-rockchip/boot_rkimg.o
  CC      arch/arm/lib/zimage.o
  CC      arch/arm/cpu/armv7/syslib.o
  LD      drivers/adc/built-in.o
  CC      common/hash.o
  LD      drivers/ata/built-in.o
  AS      arch/arm/lib/memset.o
  CC      drivers/block/blk-uclass.o
  CC      disk/part_efi.o
  LD      drivers/cpu/built-in.o
  AS      arch/arm/cpu/armv7/smccc-call.o
  CC      arch/arm/mach-rockchip/board.o
  CC      cmd/version.o
  AS      arch/arm/lib/memcpy.o
  CC      arch/arm/cpu/armv7/suspend.o
  CC      arch/arm/lib/sections.o
  CC      cmd/blk_common.o
  CC      arch/arm/lib/stack.o
  CC      common/cli_hush.o
  AS      arch/arm/cpu/armv7/sleep.o
  CC      arch/arm/cpu/armv7/arch_timer.o
  CC      cmd/blk.o
  CC      arch/arm/lib/interrupts.o
  CC      disk/part_rkparm.o
  CC      cmd/source.o
  LD      drivers/block/built-in.o
  AS      arch/arm/cpu/armv7/start.o
  CC      drivers/clk/clk-uclass.o
  CC      arch/arm/lib/stacktrace.o
  LD      arch/arm/cpu/armv7/built-in.o
  CC      arch/arm/mach-rockchip/iomem.o
  CC      cmd/bdinfo.o
  CC      arch/arm/lib/cache.o
  CC      common/autoboot.o
  CC      cmd/bmp.o
  CC      drivers/clk/clk_fixed_rate.o
  CC      arch/arm/mach-rockchip/memblk.o
  CC      arch/arm/lib/cache-cp15.o
  CC      drivers/clk/rockchip/clk_pll.o
  CC      arch/arm/mach-rockchip/hotkey.o
  CC      arch/arm/lib/psci-dt.o
  LD      drivers/dma/built-in.o
  LD      disk/built-in.o
  CC      cmd/boot_android.o
  CC      drivers/core/device.o
  CC      drivers/crypto/fsl/sec.o
  AS      arch/arm/lib/ashldi3.o
  LD      drivers/dfu/built-in.o
  AS      arch/arm/lib/ashrdi3.o
  CC      arch/arm/mach-rockchip/rockchip_smccc.o
  CC      common/board_f.o
  CC      arch/arm/lib/div0.o
  AS      arch/arm/lib/div64.o
  LD      drivers/crypto/fsl/built-in.o
  LD      drivers/clk/tegra/built-in.o
  LD      drivers/crypto/rockchip/built-in.o
  AS      arch/arm/lib/lib1funcs.o
  LD      drivers/crypto/rsa_mod_exp/built-in.o
  LD      drivers/crypto/built-in.o
  CC      drivers/gpio/gpio-uclass.o
  CC      drivers/firmware/firmware-uclass.o
  AS      arch/arm/lib/lshrdi3.o
  CC      arch/arm/mach-rockchip/vendor.o
  AS      arch/arm/lib/muldi3.o
  AS      arch/arm/lib/uldivmod.o
  CC      cmd/android.o
  CC      arch/arm/lib/eabi_compat.o
  CC      drivers/firmware/psci.o
  CC      common/board_r.o
  LD      arch/arm/lib/built-in.o
  AR      arch/arm/lib/lib.a
  CC      cmd/bootrkp.o
  CC      drivers/core/fdtaddr.o
  CC      drivers/clk/rockchip/clk_rk3128.o
  LD      drivers/firmware/built-in.o
  CC      drivers/gpio/rk_gpio.o
  CC      common/board_info.o
  CC      drivers/core/lists.o
  CC      cmd/bootz.o
  CC      drivers/core/root.o
  CC      arch/arm/mach-rockchip/vendor_misc.o
  LD      drivers/gpio/built-in.o
  CC      common/bootm.o
  CC      drivers/input/key-uclass.o
  CC      common/bootm_os.o
  CC      cmd/console.o
  CC      arch/arm/mach-rockchip/resource_img.o
  CC      drivers/irq/irq-gic.o
  CC      drivers/core/uclass.o
  CC      cmd/charge.o
  CC      drivers/i2c/i2c-uclass.o
  LD      drivers/clk/rockchip/built-in.o
  LD      drivers/clk/built-in.o
  CC      arch/arm/mach-rockchip/cpu.o
  CC      cmd/dtimg.o
  CC      arch/arm/mach-rockchip/param.o
  CC      drivers/irq/irq-gpio.o
  CC      drivers/input/input.o
  CC      arch/arm/mach-rockchip/sdram.o
  CC      common/fdt_support.o
  CC      cmd/echo.o
  CC      drivers/i2c/rk_i2c.o
  CC      cmd/exit.o
  CC      drivers/irq/irq-generic.o
  CC      drivers/core/util.o
  CC      drivers/input/key_matrix.o
  CC      arch/arm/mach-rockchip/rk3128/rk3128.o
  CC      cmd/ext4.o
  CC      arch/arm/mach-rockchip/rk3128/syscon_rk3128.o
  CC      drivers/core/device-remove.o
  CC      cmd/ext2.o
  CC      drivers/input/adc_key.o
  CC      arch/arm/mach-rockchip/rk3128/clk_rk3128.o
  LD      drivers/mtd/nand/built-in.o
  LD      drivers/mtd/built-in.o
  CC      cmd/fat.o
  CC      common/miiphyutil.o
  LD      drivers/i2c/built-in.o
  CC      common/usb.o
  CC      drivers/irq/irq-gpio-switch.o
  CC      drivers/core/simple-bus.o
  CC      arch/arm/mach-rockchip/rk3128/storage_rk3128.o
  CC      drivers/input/gpio_key.o
  CC      cmd/fdt.o
  CC      drivers/core/dump.o
  LD      arch/arm/mach-rockchip/rk3128/built-in.o
  CC      drivers/input/rk_key.o
  CC      arch/arm/mach-rockchip/rk_atags.o
  CC      cmd/fs.o
  CC      drivers/irq/virq.o
  LD      drivers/keylad/built-in.o
  LD      drivers/mtd/onenand/built-in.o
  CC      cmd/itest.o
  LD      drivers/input/built-in.o
  CC      drivers/core/regmap.o
  CC      common/usb_hub.o
  CC      drivers/core/syscon-uclass.o
  LD      arch/arm/mach-rockchip/built-in.o
  CC      common/usb_storage.o
  CC      drivers/core/of_access.o
  CC      common/iomux.o
  LD      drivers/mailbox/built-in.o
  CC      drivers/mtd/spi/sf-uclass.o
  CC      cmd/load.o
  LD      drivers/irq/built-in.o
  CC      common/splash.o
  LD      drivers/net/built-in.o
  CC      common/menu.o
  CC      drivers/core/of_addr.o
  CC      cmd/download.o
  LD      drivers/memory/built-in.o
  CC      cmd/mem.o
  LD      drivers/mtd/spi/built-in.o
  CC      common/cli_readline.o
  CC      drivers/core/read.o
  CC      drivers/core/of_extra.o
  CC      drivers/core/ofnode.o
  CC      common/cli_simple.o
  LD      drivers/misc/built-in.o
  CC      cmd/mii.o
  LD      drivers/net/phy/built-in.o
  LD      drivers/pci/built-in.o
  CC      drivers/mmc/mmc.o
  CC      cmd/mmc.o
  LD      drivers/pcmcia/built-in.o
  CC      drivers/core/read_extra.o
  CC      drivers/power/charge-display-uclass.o
  CC      drivers/power/charge_animation.o
  CC      drivers/mmc/mmc-uclass.o
  CC      common/edid.o
  CC      common/bouncebuf.o
  CC      drivers/phy/phy-uclass.o
  CC      common/console.o
  LD      drivers/power/battery/built-in.o
  CC      cmd/net.o
  LD      drivers/core/built-in.o
  LD      drivers/phy/marvell/built-in.o
  CC      drivers/phy/phy-rockchip-inno-usb2.o
  CC      drivers/power/rockchip_pm.o
  CC      drivers/mmc/mmc_write.o
  CC      cmd/part.o
  CC      drivers/mmc/dw_mmc.o
  LD      drivers/power/built-in.o
  CC      drivers/mmc/rockchip_dw_mmc.o
  CC      cmd/pcmcia.o
  CC      cmd/pinmux.o
  CC      drivers/pinctrl/pinctrl-uclass.o
  LD      drivers/power/charge/built-in.o
  CC      drivers/pwm/pwm-uclass.o
  CC      cmd/pxe.o
  CC      drivers/pinctrl/pinctrl-generic.o
  LD      drivers/phy/built-in.o
  CC      common/dlmalloc.o
  LD      drivers/power/domain/built-in.o
  CC      common/malloc_simple.o
  CC      drivers/pwm/rk_pwm.o
  LD      drivers/pinctrl/nxp/built-in.o
  CC      cmd/rockusb.o
  CC      drivers/ram/ram-uclass.o
  CC      drivers/pinctrl/rockchip/pinctrl-rockchip-core.o
  CC      drivers/mmc/rpmb.o
  CC      drivers/ram/rockchip/sdram_rk3128.o
  CC      drivers/reset/reset-uclass.o
  LD      drivers/ram/rockchip/built-in.o
  LD      drivers/ram/built-in.o
  LD      drivers/pwm/built-in.o
  LD      drivers/power/dvfs/built-in.o
  LD      drivers/mmc/built-in.o
  CC      common/image.o
  CC      common/image-android.o
  CC      drivers/power/fuel_gauge/fuel_gauge_uclass.o
  LD      drivers/power/io-domain/built-in.o
  CC      cmd/rknand.o
  CC      drivers/reset/reset-rockchip.o
  LD      drivers/pinctrl/rockchip/built-in.o
  CC      drivers/pinctrl/pinctrl-rockchip.o
  CC      common/android_bootloader.o
  CC      cmd/setexpr.o
  LD      drivers/power/fuel_gauge/built-in.o
  CC      drivers/rknand/rknand.o
  LD      drivers/reset/built-in.o
  CC      common/image-fdt.o
  CC      cmd/test.o
  AS      drivers/rknand/rk_ftl_arm_v7.o
  LD      drivers/power/mfd/built-in.o
  CC      cmd/usb.o
  CC      drivers/power/pmic/pmic-uclass.o
  CC      drivers/power/regulator/regulator-uclass.o
  LD      drivers/rknand/built-in.o
  CC      cmd/disk.o
  CC      drivers/serial/serial-uclass.o
  CC      drivers/serial/ns16550.o
  CC      common/image-fit.o
  LD      drivers/power/pmic/built-in.o
  CC      drivers/spi/spi-uclass.o
  CC      cmd/fastboot.o
  CC      drivers/power/regulator/pwm_regulator.o
  LD      drivers/pinctrl/built-in.o
  CC      drivers/rtc/date.o
  LD      drivers/scsi/built-in.o
  CC      cmd/usb_mass_storage.o
  LD      drivers/usb/cdns3/built-in.o
  CC      cmd/gpt.o
  CC      drivers/power/regulator/fixed.o
  LD      drivers/rtc/built-in.o
  CC      cmd/optee.o
  LD      drivers/soc/built-in.o
  LD      drivers/sound/built-in.o
  LD      drivers/spmi/built-in.o
  LD      drivers/serial/built-in.o
  CC      drivers/sysreset/sysreset-uclass.o
  LD      drivers/spi/built-in.o
  CC      drivers/usb/common/common.o
  CC      common/memsize.o
  LD      drivers/power/regulator/built-in.o
  CC      cmd/rkimgtest.o
  CC      drivers/sysreset/sysreset-syscon-reboot.o
  LD      drivers/usb/dwc3/built-in.o
  LD      drivers/thermal/built-in.o
  CC      drivers/sysreset/sysreset_psci.o
  LD      drivers/usb/emul/built-in.o
  CC      cmd/atags.o
  CC      drivers/sysreset/sysreset_rockchip.o
  LD      drivers/usb/common/built-in.o
  CC      cmd/nvedit.o
  LD      drivers/tpm/built-in.o
  LD      drivers/ufs/built-in.o
  CC      common/stdio.o
  CC      common/image-android-dt.o
  LD      drivers/usb/eth/built-in.o
  CC      drivers/usb/gadget/epautoconf.o
  LD      drivers/sysreset/built-in.o
  CC      drivers/video/display-uclass.o
  CC      drivers/usb/gadget/udc/udc-uclass.o
  CC      common/image-sparse.o
  CC      drivers/usb/gadget/config.o
  CC      drivers/usb/host/usb-uclass.o
  LD      drivers/watchdog/built-in.o
  CC      drivers/usb/host/ohci-hcd.o
  LD      drivers/usb/gadget/udc/built-in.o
  CC      drivers/usb/host/ohci-generic.o
  CC      drivers/video/backlight-uclass.o
  CC      drivers/video/panel-uclass.o
  CC      drivers/usb/gadget/usbstring.o
  CC      common/fb_mmc.o
  CC      drivers/video/simple_panel.o
  CC      drivers/usb/gadget/dwc2_udc_otg.o
  LD      cmd/built-in.o
  CC      drivers/usb/gadget/g_dnl.o
  CC      drivers/video/video-uclass.o
  CC      drivers/video/vidconsole-uclass.o
  LD      drivers/usb/musb-new/built-in.o
  CC      drivers/usb/host/ehci-hcd.o
  CC      drivers/usb/gadget/f_mass_storage.o
  CC      common/fb_common.o
  CC      drivers/video/video_bmp.o
  CC      drivers/usb/host/ehci-generic.o
  CC      common/cli.o
  CC      common/command.o
  CC      drivers/video/pwm_backlight.o
  LD      drivers/usb/musb/built-in.o
  CC      drivers/usb/gadget/f_fastboot.o
  CC      drivers/usb/host/dwc2.o
  CC      drivers/video/console_normal.o
  CC      common/s_record.o
  CC      drivers/video/bridge/video-bridge-uclass.o
  LD      drivers/usb/phy/built-in.o
  CC      common/write_keybox.o
  CC      drivers/video/drm/drm_modes.o
  CC      drivers/video/rockchip/rk_vop.o
  LD      drivers/usb/ulpi/built-in.o
  CC      common/keymaster.o
  LD      drivers/video/bridge/built-in.o
  CC      common/attestation_key.o
  CC      drivers/video/drm/rockchip_display.o
  CC      drivers/video/rockchip/rk_mipi.o
  CC      env/common.o
  LD      drivers/video/sunxi/built-in.o
  CC      drivers/video/drm/rockchip_display_helper.o
  LD      drivers/usb/host/built-in.o
  CC      common/id_attestation.o
  CC      env/env.o
  CC      drivers/video/drm/rockchip_crtc.o
  LD      drivers/video/rockchip/built-in.o
  CC      drivers/video/drm/rockchip_phy.o
  CC      fs/fs.o
  CC      env/attr.o
  CC      drivers/video/drm/rockchip_bridge.o
  LD      common/built-in.o
  CC      fs/ext4/ext4fs.o
  CC      env/callback.o
  CC      fs/ext4/ext4_common.o
  CC      fs/fat/fat_write.o
  CC      lib/avb/libavb/avb_chain_partition_descriptor.o
  CC      env/flags.o
  CC      lib/avb/libavb/avb_cmdline.o
  LD      drivers/usb/gadget/built-in.o
  CC      drivers/video/drm/rockchip_vop.o
  CC      env/mmc.o
  CC      lib/avb/libavb_atx/avb_atx_validate.o
  CC      lib/avb/libavb/avb_crc32.o
  CC      net/checksum.o
  CC      lib/avb/libavb/avb_crypto.o
  CC      env/nowhere.o
  CC      fs/ext4/dev.o
  CC      net/arp.o
  LD      env/built-in.o
  CC      drivers/video/drm/rockchip_vop_reg.o
  LD      fs/ext4/built-in.o
  CC      lib/avb/libavb/avb_descriptor.o
  LD      lib/avb/libavb_atx/built-in.o
  CC      lib/avb/libavb_user/avb_ops_user.o
  CC      lib/avb/libavb_user/avb_user_verification.o
  CC      lib/avb/libavb/avb_footer.o
  CC      net/bootp.o
  CC      drivers/video/drm/rockchip_vop2.o
  CC      drivers/video/drm/bmp_helper.o
  CC      drivers/video/drm/rockchip_connector.o
  CC      lib/avb/libavb/avb_hash_descriptor.o
  CC      lib/avb/libavb/avb_hashtree_descriptor.o
  CC      lib/avb/libavb_user/avb_user_verity.o
  CC      net/eth_legacy.o
  CC      lib/avb/libavb/avb_kernel_cmdline_descriptor.o
  CC      fs/fs_internal.o
  LD      lib/avb/libavb_user/built-in.o
  CC      lib/avb/libavb/avb_property_descriptor.o
  CC      net/eth_common.o
  CC      test/rockchip/test-rockchip.o
  LD      fs/fat/built-in.o
  CC      test/dm/cmd_dm.o
  LD      fs/built-in.o
  CC      lib/avb/libavb/avb_rsa.o
  CC      lib/avb/libavb/avb_sha256.o
  CC      test/rockchip/test-boot.o
  CC      drivers/video/drm/rockchip_post_csc.o
  CC      net/net.o
  LD      test/dm/built-in.o
  CC      lib/avb/rk_avb_user/rk_avb_ops_user.o
  CC      test/rockchip/test-download.o
  CC      test/rockchip/test-display.o
  CC      lib/avb/libavb/avb_sha512.o
  CC      lib/avb/rk_avb_user/rk_ab_ops_user.o
  CC      test/rockchip/test-misc.o
  CC      net/nfs.o
  CC      lib/avb/libavb/avb_sysdeps_posix.o
  CC      test/rockchip/test-net.o
  CC      net/ping.o
  LD      lib/avb/rk_avb_user/built-in.o
  CC      lib/avb/libavb/avb_slot_verify.o
  CC      drivers/video/drm/libnsbmp.o
  CC      lib/libfdt/fdt.o
  CC      test/rockchip/test-power.o
  CC      test/rockchip/test-storage.o
  CC      lib/libfdt/fdt_wip.o
  CC      net/tftp.o
  CC      lib/avb/libavb/avb_util.o
  CC      lib/libfdt/fdt_strerror.o
  LD      test/rockchip/built-in.o
  LD      test/built-in.o
  CC      drivers/video/drm/drm_mipi_dsi.o
  CC      lib/libfdt/fdt_sw.o
  CC      lib/optee_clientApi/OpteeClientMem.o
  LD      net/built-in.o
  CC      drivers/video/drm/dw_mipi_dsi.o
  CC      lib/libfdt/fdt_rw.o
  CC      drivers/video/drm/inno_video_combo_phy.o
  CC      lib/optee_clientApi/OpteeClientApiLib.o
  CC      lib/libfdt/fdt_empty_tree.o
  CC      lib/avb/libavb/avb_vbmeta_image.o
  CC      lib/zlib/zlib.o
  CC      lib/optee_clientApi/OpteeClientInterface.o
  CC      lib/libfdt/fdt_addresses.o
  CC      lib/avb/libavb/avb_version.o
  CC      lib/libfdt/fdt_overlay.o
  LD      lib/avb/libavb/built-in.o
  CC      lib/of_live.o
  CC      lib/libfdt/fdt_ro.o
  CC      lib/libfdt/fdt_region.o
  CC      lib/optee_clientApi/OpteeClientSMC.o
  CC      lib/charset.o
  CC      drivers/video/drm/rockchip_lvds.o
  CC      lib/crc7.o
  CC      lib/optee_clientApi/OpteeClientRPC.o
  CC      drivers/video/drm/drm_of.o
  CC      lib/optee_clientApi/OpteeClientLoadTa.o
  AS      lib/optee_clientApi/tee_smc-arm64.o
  CC      drivers/video/drm/rockchip_rgb.o
  LD      lib/libfdt/built-in.o
  CC      lib/optee_clientApi/tee_mmc_rpmb.o
  CC      drivers/video/drm/rockchip_panel.o
  CC      lib/crc8.o
  CC      lib/crc16.o
  CC      lib/optee_clientApi/tee_ufs_rpmb.o
  CC      lib/optee_clientApi/OpteeClientRkFs_common.o
  CC      lib/errno_str.o
  CC      lib/optee_clientApi/OpteeClientRkFs_v1.o
  CC      lib/optee_clientApi/OpteeClientRkFs_v2.o
  LD      lib/zlib/built-in.o
  CC      lib/fdtdec_common.o
  CC      lib/initcall.o
  CC      lib/lmb.o
  CC      lib/sysmem.o
  CC      lib/bidram.o
  CC      lib/ldiv.o
  CC      lib/net_utils.o
  CC      lib/qsort.o
  CC      lib/rc4.o
  CC      lib/sha256.o
  CC      lib/list_sort.o
  CC      lib/sha1.o
  CC      lib/gunzip.o
  CC      lib/fdtdec.o
  CC      lib/abuf.o
  CC      lib/hashtable.o
  CC      lib/errno.o
  LD      lib/optee_clientApi/built-in.o
  CC      lib/display_options.o
  CC      lib/crc32.o
  CC      lib/ctype.o
  CC      lib/div64.o
  CC      lib/hang.o
  LD      drivers/video/drm/built-in.o
  LD      drivers/video/built-in.o
  CC      lib/linux_compat.o
  LD      drivers/built-in.o
  CC      lib/linux_string.o
  CC      lib/membuff.o
  CC      lib/slre.o
  CC      lib/string.o
  CC      lib/stdlib.o
  CC      lib/tables_csum.o
  CC      lib/time.o
  CC      lib/hexdump.o
  CC      lib/uuid.o
  CC      lib/rand.o
  CC      lib/vsprintf.o
  CC      lib/panic.o
  CC      lib/strto.o
  CC      lib/strmhz.o
  LD      lib/built-in.o
  LD      u-boot
  OBJCOPY u-boot.srec
  OBJCOPY u-boot-nodtb.bin
  SYM     u-boot.sym
  DTC     arch/arm/dts/rk3036-sdk.dtb
  DTC     arch/arm/dts/rk3066a-mk808.dtb
  DTC     arch/arm/dts/rk3126-evb.dtb
  DTC     arch/arm/dts/rk3128-evb.dtb
  DTC     arch/arm/dts/rk3188-radxarock.dtb
  DTC     arch/arm/dts/rk3288-evb.dtb
  DTC     arch/arm/dts/rk3288-fennec.dtb
  DTC     arch/arm/dts/rk3288-firefly.dtb
  DTC     arch/arm/dts/rk3288-miqi.dtb
  DTC     arch/arm/dts/rk3288-phycore-rdk.dtb
  DTC     arch/arm/dts/rk3288-popmetal.dtb
  DTC     arch/arm/dts/rk3288-rock2-square.dtb
  DTC     arch/arm/dts/rk3288-tinker.dtb
  DTC     arch/arm/dts/rk3288-veyron-jerry.dtb
  DTC     arch/arm/dts/rk3288-veyron-mickey.dtb
  DTC     arch/arm/dts/rk3288-veyron-minnie.dtb
  DTC     arch/arm/dts/rk3288-vyasa.dtb
  DTC     arch/arm/dts/rk3308-evb.dtb
  DTC     arch/arm/dts/rk3328-evb.dtb
  DTC     arch/arm/dts/rk3368-lion.dtb
  DTC     arch/arm/dts/rk3368-sheep.dtb
  DTC     arch/arm/dts/rk3368-geekbox.dtb
  DTC     arch/arm/dts/rk3368-px5-evb.dtb
  DTC     arch/arm/dts/rk3399-evb.dtb
  DTC     arch/arm/dts/rk3399-firefly.dtb
  DTC     arch/arm/dts/rk3399-puma-ddr1333.dtb
  DTC     arch/arm/dts/rk3399-puma-ddr1600.dtb
  DTC     arch/arm/dts/rk3399-puma-ddr1866.dtb
  DTC     arch/arm/dts/rv1103b-evb1.dtb
  DTC     arch/arm/dts/rv1106-evb.dtb
  DTC     arch/arm/dts/rv1106-evb2.dtb
  DTC     arch/arm/dts/rv1106b-evb2.dtb
  DTC     arch/arm/dts/rv1106b-evb2-spi-nand.dtb
  DTC     arch/arm/dts/rv1108-evb.dtb
make[3]: 'arch/arm/dts/rk3128-evb.dtb' is up to date.
  SHIPPED dts/dt.dtb
  FDTGREP dts/dt-spl.dtb
  FDTGREP dts/dt-tpl.dtb
  CAT     u-boot-dtb.bin
  COPY    u-boot.dtb
  COPY    u-boot.bin
  ALIGN   u-boot.bin
  CFGCHK  u-boot.cfg
make[1]: Leaving directory '/vol/uboot-build'
=== BUILD OK ===
-rwxr-xr-x 1 root root 9050968 Sep  8 13:55 /vol/uboot-build/u-boot
-rw-r--r-- 1 root root  836496 Sep  8 13:55 /vol/uboot-build/u-boot.bin
   text	   data	    bss	    dec	    hex	filename
 769040	  43980	      0	 813020	  c67dc	/vol/uboot-build/u-boot
